exports[`test App test 1`] = `
<div>
  <div
    className="ui inverted segment">
    <div
      className="ui inverted pointing secondary menu">
      <div
        className="item logo"
        onClick={[Function]}>
        <img
          src="/client/src/assets/half-raptor.png" />
      </div>
      <a
        className="item"
        onClick={[Function]}
        style={Object {}}>
        About
      </a>
      <a
        className="item"
        onClick={[Function]}
        style={Object {}}>
        Customer Dashboard
      </a>
      <div
        className="right menu">
        <a
          className="item"
          onClick={[Function]}
          style={Object {}}>
          Sign Up
        </a>
        <a
          className="item"
          onClick={[Function]}
          style={Object {}}>
          Login
        </a>
      </div>
    </div>
  </div>
</div>
`;
